2026-01-24T23:48:09.626098794 [INFO] LOGIN ATTEMPT user=Sam
2026-01-24T23:48:09.687417294 [INFO] LOGIN success user=Sam role=USER
2026-01-24T23:49:34.197879764 [INFO] LOGIN ATTEMPT user=Mathew
2026-01-24T23:49:34.263252722 [INFO] LOGIN success user=Mathew role=ADMIN
2026-01-25T14:47:43.897319259 [INFO] LOGIN ATTEMPT user=Mathew
2026-01-25T14:47:43.966154092 [INFO] LOGIN success user=Mathew role=ADMIN
2026-01-25T14:47:55.413665708 [INFO] USER DELETED: Sock by Mathew
2026-01-25T14:48:19.253262219 [INFO] USER DELETED: Dom by Mathew
2026-01-25T14:48:25.405443208 [INFO] LOGIN ATTEMPT user=Sam
2026-01-25T14:48:25.430930833 [INFO] LOGIN success user=Sam role=USER
2026-01-25T21:37:56.002785670 [INFO] APPLICATION STARTED
2026-01-26T14:27:53.076201593 [INFO] APPLICATION STARTED
2026-01-26T14:28:02.823315791 [INFO] LOGIN ATTEMPT user=Sam
2026-01-26T14:28:02.902662333 [INFO] LOGIN success user=Sam role=USER
2026-01-26T14:28:23.024604093 [INFO] LOGIN ATTEMPT user=Mathew
2026-01-26T14:28:23.065135218 [INFO] LOGIN success user=Mathew role=ADMIN
2026-01-26T14:28:58.920111095 [INFO] LOGIN ATTEMPT user=Sam
2026-01-26T14:28:58.968106345 [INFO] LOGIN success user=Sam role=USER
2026-01-26T14:50:49.229298257 [INFO] APPLICATION STARTED
2026-01-26T16:36:30.817878097 [INFO] APPLICATION STARTED
2026-01-26T16:36:57.039334720 [INFO] LOGIN ATTEMPT user=Sam
2026-01-26T16:36:57.102723886 [INFO] LOGIN success user=Sam role=USER
2026-01-26T16:37:06.266448626 [INFO] LOGOUT user=Sam
2026-01-26T17:14:07.544215043 [INFO] APPLICATION STARTED
2026-01-26T17:14:45.347791922 [INFO] LOGIN ATTEMPT user=
2026-01-26T17:16:51.035940300 [INFO] APPLICATION STARTED
2026-01-26T19:24:46.060241879 [INFO] APPLICATION STARTED
2026-01-26T19:24:51.231014382 [INFO] LOGIN ATTEMPT user=
2026-01-26T19:25:33.384436096 [INFO] LOGIN ATTEMPT user=test
2026-01-26T19:25:35.034783055 [INFO] OPEN REGISTER SCREEN
2026-01-26T19:25:40.148766293 [INFO] REGISTER attempt user=test
2026-01-26T19:25:55.390779967 [INFO] REGISTER attempt user=test
2026-01-26T20:55:25.546724466 [INFO] APPLICATION STARTED
2026-01-27T17:48:43.845412255 [INFO] APPLICATION STARTED
2026-01-27T17:49:35.640004293 [INFO] LOGIN ATTEMPT user=Mathew
2026-01-27T17:49:35.728906835 [INFO] LOGIN success user=Mathew role=ADMIN
2026-01-27T17:49:35.793784001 [METRIC] FILE_READ user=Mathew file=welcome.txt took 1ms
2026-01-27T17:49:35.801787168 [METRIC] FILE_LIST user=Mathew took 7ms
2026-01-27T17:50:29.040592929 [METRIC] FILE_WRITE user=Mathew file=custom.txt took 8ms
2026-01-27T17:50:29.043416762 [METRIC] FILE_LIST user=Mathew took 1ms
2026-01-27T17:50:43.997804672 [METRIC] FILE_DELETE user=Mathew file=custom.txt took 1ms
2026-01-27T17:50:44.004041839 [METRIC] FILE_LIST user=Mathew took 1ms
2026-01-28T15:54:26.637157425 [INFO] APPLICATION STARTED
2026-01-28T15:54:52.363441631 [INFO] LOGIN ATTEMPT user=Mathew
2026-01-28T15:54:52.445634881 [INFO] LOGIN success user=Mathew role=ADMIN
2026-01-28T15:54:52.527425631 [METRIC] FILE_READ user=Mathew file=welcome.txt took 0ms
2026-01-28T15:54:52.529109756 [METRIC] FILE_LIST user=Mathew took 1ms
2026-01-28T15:54:56.691241675 [METRIC] FILE_READ user=Mathew file=welcome.txt took 1ms
2026-01-28T15:54:56.695256050 [METRIC] FILE_LIST user=Mathew took 1ms
2026-01-28T15:55:00.479740718 [METRIC] FILE_READ user=Mathew file=welcome.txt took 0ms
2026-01-28T15:55:00.482231176 [METRIC] FILE_LIST user=Mathew took 0ms
2026-01-28T15:55:36.768519513 [METRIC] FILE_WRITE user=Mathew file=custom.txt took 2ms
2026-01-28T15:55:36.770422096 [METRIC] FILE_LIST user=Mathew took 1ms
2026-01-28T15:56:01.145578218 [METRIC] FILE_READ user=Mathew file=custom.txt took 1ms
2026-01-28T15:56:09.107739625 [METRIC] FILE_READ user=Mathew file=welcome.txt took 0ms
2026-01-28T15:56:11.342510709 [METRIC] FILE_READ user=Mathew file=custom.txt took 0ms
2026-01-28T15:56:18.010194087 [METRIC] FILE_DELETE user=Mathew file=custom.txt took 3ms
2026-01-28T15:56:18.019242129 [METRIC] FILE_LIST user=Mathew took 1ms
2026-01-28T16:57:23.973833548 [INFO] APPLICATION STARTED
2026-01-28T16:57:37.873826763 [INFO] LOGIN ATTEMPT user=Mathew
2026-01-28T16:57:38.091812221 [INFO] LOGIN success user=Mathew role=ADMIN
2026-01-28T16:57:38.183337346 [METRIC] FILE_READ user=Mathew file=welcome.txt took 0ms
2026-01-28T16:57:38.186108429 [METRIC] FILE_LIST user=Mathew took 2ms
2026-01-28T16:57:46.169732961 [INFO] SESSION RESTORED user=Mathew role=ADMIN
2026-01-28T16:57:46.170961044 [INFO] APPLICATION STARTED
2026-01-28T16:59:54.043703464 [INFO] LOGIN ATTEMPT user=Sam
2026-01-28T16:59:54.116000006 [INFO] LOGIN success user=Sam role=USER
2026-01-28T16:59:54.159315006 [METRIC] FILE_READ user=Sam file=welcome.txt took 0ms
2026-01-28T16:59:54.160673839 [METRIC] FILE_LIST user=Sam took 1ms
2026-01-28T17:00:03.304892844 [INFO] SESSION RESTORED user=Sam role=USER
2026-01-28T17:00:03.305433010 [INFO] APPLICATION STARTED
2026-01-28T17:13:06.261634345 [INFO] SESSION RESTORED user=Sam role=USER
2026-01-28T17:13:06.262409137 [INFO] APPLICATION STARTED
2026-01-28T17:13:06.268900762 [INFO] SESSION RESTORED user=Sam role=USER
2026-01-28T17:13:06.404526845 [METRIC] FILE_READ user=Sam file=welcome.txt took 0ms
2026-01-28T17:13:06.405677095 [METRIC] FILE_LIST user=Sam took 0ms
2026-01-28T17:13:13.101279709 [INFO] LOGOUT user=Sam
2026-01-28T17:13:17.629253378 [INFO] LOGIN ATTEMPT user=Mathew
2026-01-28T17:13:17.717085628 [INFO] LOGIN success user=Mathew role=ADMIN
2026-01-28T17:13:17.734288003 [METRIC] FILE_READ user=Mathew file=welcome.txt took 0ms
2026-01-28T17:13:17.734547628 [METRIC] FILE_LIST user=Mathew took 0ms
2026-01-28T17:13:24.467363089 [INFO] SESSION RESTORED user=Mathew role=ADMIN
2026-01-28T17:13:24.468076839 [INFO] APPLICATION STARTED
2026-01-28T17:13:24.471576631 [INFO] SESSION RESTORED user=Mathew role=ADMIN
2026-01-28T17:13:24.584980964 [METRIC] FILE_READ user=Mathew file=welcome.txt took 0ms
2026-01-28T17:13:24.586311506 [METRIC] FILE_LIST user=Mathew took 0ms
2026-01-29T17:03:29.358090089 [INFO] SESSION RESTORED user=Mathew role=ADMIN
2026-01-29T17:03:29.358706297 [INFO] APPLICATION STARTED
2026-01-29T17:03:29.367565256 [INFO] SESSION RESTORED user=Mathew role=ADMIN
2026-01-29T17:03:29.664173964 [METRIC] FILE_READ user=Mathew file=welcome.txt took 0ms
2026-01-29T17:03:29.666394631 [METRIC] FILE_LIST user=Mathew took 1ms
2026-01-29T17:03:35.801528634 [INFO] LOGOUT user=Mathew
2026-01-29T17:03:42.212697637 [INFO] LOGIN ATTEMPT user=Mathew
2026-01-29T17:03:42.266435679 [INFO] LOGIN success user=Mathew role=ADMIN
2026-01-29T17:03:42.281251720 [METRIC] FILE_READ user=Mathew file=welcome.txt took 0ms
2026-01-29T17:03:42.281558387 [METRIC] FILE_LIST user=Mathew took 0ms
2026-01-29T17:04:03.083562008 [METRIC] FILE_WRITE user=Mathew file=custom.txt took 1ms
2026-01-29T17:04:03.084298549 [METRIC] FILE_LIST user=Mathew took 0ms
2026-01-29T17:04:15.596123972 [METRIC] FILE_READ user=Mathew file=custom.txt took 2ms
2026-01-29T17:04:15.601041097 [METRIC] FILE_LIST user=Mathew took 3ms
2026-01-29T17:04:48.002903 [METRIC] FILE_DELETE user=Mathew file=custom.txt took 3ms
2026-01-29T17:04:48.006870500 [METRIC] FILE_LIST user=Mathew took 0ms
2026-01-29T17:05:06.262627842 [METRIC] FILE_READ user=Mathew file=welcome.txt took 9ms
2026-01-29T17:05:10.210760886 [INFO] LOGOUT user=Mathew
2026-01-29T17:24:16.150980013 [INFO] APPLICATION STARTED
2026-01-29T17:24:22.735732544 [INFO] LOGIN ATTEMPT user=Mathew
2026-01-29T17:24:22.811960919 [INFO] LOGIN success user=Mathew role=ADMIN
2026-01-29T17:24:22.918594586 [METRIC] FILE_READ user=Mathew file=welcome.txt took 1ms
2026-01-29T17:24:22.924017794 [METRIC] FILE_LIST user=Mathew took 2ms
2026-01-29T17:24:26.788253421 [METRIC] FILE_READ user=Mathew file=welcome.txt took 0ms
2026-01-29T17:24:26.789559963 [METRIC] FILE_LIST user=Mathew took 0ms
2026-01-29T17:24:33.856837299 [METRIC] FILE_READ user=Mathew file=welcome.txt took 1ms
2026-01-29T17:24:45.750958888 [INFO] LOGOUT user=Mathew
2026-01-29T17:45:08.522533801 [INFO] APPLICATION STARTED
2026-01-29T17:45:24.241260211 [INFO] OPEN REGISTER SCREEN
2026-01-29T17:46:11.642641053 [INFO] REGISTER attempt user=Ally
2026-01-29T17:46:22.891992710 [INFO] REGISTER attempt user=Ally
2026-01-29T17:46:23.267998461 [INFO] REGISTER success user=Ally role=USER
2026-01-29T17:46:24.431675836 [METRIC] FILE_WRITE user=Ally file=welcome.txt took 0ms
2026-01-29T17:46:24.432300169 [METRIC] FILE_READ user=Ally file=welcome.txt took 0ms
2026-01-29T17:46:24.433838794 [METRIC] FILE_LIST user=Ally took 1ms
2026-01-29T17:46:27.167665629 [INFO] LOGOUT user=Ally
2026-01-29T17:46:34.106020424 [INFO] LOGIN ATTEMPT user=Ally
2026-01-29T17:46:37.043838800 [INFO] LOGIN ATTEMPT user=Ally
2026-01-29T17:46:40.488548552 [INFO] LOGIN ATTEMPT user=Ally
2026-01-29T17:46:48.348327250 [INFO] LOGIN ATTEMPT user=Ally
2026-01-29T17:46:48.407369167 [INFO] LOGIN success user=Ally role=USER
2026-01-29T17:46:48.422505500 [METRIC] FILE_READ user=Ally file=welcome.txt took 0ms
2026-01-29T17:46:48.422988917 [METRIC] FILE_LIST user=Ally took 0ms
2026-01-29T17:46:51.091221418 [INFO] LOGOUT user=Ally
2026-01-29T17:46:59.046140338 [INFO] LOGIN ATTEMPT user=Ally
2026-01-29T17:47:01.268891131 [INFO] LOGIN ATTEMPT user=Ally
2026-01-29T17:47:02.749508715 [INFO] LOGIN ATTEMPT user=Ally
2026-01-29T17:47:03.990371882 [INFO] LOGIN ATTEMPT user=Ally
2026-01-29T17:47:05.208157425 [INFO] LOGIN ATTEMPT user=Ally
2026-01-29T17:55:33.735185382 [INFO] APPLICATION STARTED
2026-01-29T17:55:45.313093388 [INFO] LOGIN ATTEMPT user=Ally
2026-01-29T17:55:45.400528679 [INFO] LOGIN success user=Ally role=USER
2026-01-29T17:55:45.485702554 [METRIC] FILE_READ user=Ally file=welcome.txt took 0ms
2026-01-29T17:55:45.489452804 [METRIC] FILE_LIST user=Ally took 2ms
2026-01-29T17:55:48.728949417 [INFO] LOGOUT user=Ally
2026-01-29T17:55:53.051239669 [INFO] LOGIN ATTEMPT user=Ally
2026-01-29T17:55:55.180219420 [INFO] LOGIN ATTEMPT user=Ally
2026-01-29T17:55:56.431965962 [INFO] LOGIN ATTEMPT user=Ally
2026-01-29T17:55:57.670630671 [INFO] LOGIN ATTEMPT user=Ally
2026-01-29T17:55:59.170554255 [INFO] LOGIN ATTEMPT user=Ally
